sairamchran@SAI-book4:~/project-web/calculator1916154$ virtualenv venv
Command 'virtualenv' not found, but can be installed with:
sudo apt install python3-virtualenv
sairamchran@SAI-book4:~/project-web/calculator1916154$ sudo apt install python3-virtualenv
[sudo] password for sairamchran: 
Reading package lists... Done
Building dependency tree... Done
Reading state information... Done
The following additional packages will be installed:
  python3-distlib python3-filelock python3-platformdirs python3-wheel-whl
Recommended packages:
  python3-distutils
The following NEW packages will be installed:
  python3-distlib python3-filelock python3-platformdirs python3-virtualenv python3-wheel-whl
0 upgraded, 5 newly installed, 0 to remove and 96 not upgraded.
Need to get 484 kB of archives.
After this operation, 1783 kB of additional disk space will be used.
Do you want to continue? [Y/n] y
Get:1 http://archive.ubuntu.com/ubuntu noble/universe amd64 python3-distlib all 0.3.8-1 [318 kB]
Get:2 http://archive.ubuntu.com/ubuntu noble/universe amd64 python3-filelock all 3.13.1-1 [10.8 kB]
Get:3 http://archive.ubuntu.com/ubuntu noble/main amd64 python3-platformdirs all 4.2.0-1 [16.1 kB]
Get:4 http://archive.ubuntu.com/ubuntu noble/universe amd64 python3-wheel-whl all 0.42.0-2 [67.8 kB]
Get:5 http://archive.ubuntu.com/ubuntu noble/universe amd64 python3-virtualenv all 20.25.0+ds-2 [70.8 kB]
Fetched 484 kB in 1s (527 kB/s)             
debconf: unable to initialize frontend: Dialog
debconf: (Dialog frontend requires a screen at least 13 lines tall and 31 columns wide.)
debconf: falling back to frontend: Readline
Selecting previously unselected package python3-distlib.
(Reading database ... 47815 files and directories currently installed.)
Preparing to unpack .../python3-distlib_0.3.8-1_all.deb ...
Unpacking python3-distlib (0.3.8-1) ...
Selecting previously unselected package python3-filelock.
Preparing to unpack .../python3-filelock_3.13.1-1_all.deb ...
Unpacking python3-filelock (3.13.1-1) ...
Selecting previously unselected package python3-platformdirs.
Preparing to unpack .../python3-platformdirs_4.2.0-1_all.deb ...
Unpacking python3-platformdirs (4.2.0-1) ...
Selecting previously unselected package python3-wheel-whl.
Preparing to unpack .../python3-wheel-whl_0.42.0-2_all.deb ...
Unpacking python3-wheel-whl (0.42.0-2) ...
Selecting previously unselected package python3-virtualenv.
Preparing to unpack .../python3-virtualenv_20.25.0+ds-2_all.deb ...
Unpacking python3-virtualenv (20.25.0+ds-2) ...
Setting up python3-filelock (3.13.1-1) ...
Setting up python3-distlib (0.3.8-1) ...
Setting up python3-platformdirs (4.2.0-1) ...
Setting up python3-wheel-whl (0.42.0-2) ...
Setting up python3-virtualenv (20.25.0+ds-2) ...
Processing triggers for man-db (2.12.0-4build2) ...
sairamchran@SAI-book4:~/project-web/calculator1916154$ virtualenv venv
created virtual environment CPython3.12.3.final.0-64 in 129ms
  creator CPython3Posix(dest=/home/sairamchran/project-web/calculator1916154/venv, clear=False, no_vcs_ignore=False, global=False)
  seeder FromAppData(download=False, pip=bundle, via=copy, app_data_dir=/home/sairamchran/.local/share/virtualenv)
    added seed packages: pip==24.0
  activators BashActivator,CShellActivator,FishActivator,NushellActivator,PowerShellActivator,PythonActivator
sairamchran@SAI-book4:~/project-web/calculator1916154$ source ./venv/bin/activate
(venv) sairamchran@SAI-book4:~/project-web/calculator1916154$ ls
readme.md  venv
(venv) sairamchran@SAI-book4:~/project-web/calculator1916154$ pip3 install pytest pytest-pylint pytest-cov
Collecting pytest
  Downloading pytest-8.3.4-py3-none-any.whl.metadata (7.5 kB)
Collecting pytest-pylint
  Downloading pytest_pylint-0.21.0-py3-none-any.whl.metadata (6.4 kB)
Collecting pytest-cov
  Downloading pytest_cov-6.0.0-py3-none-any.whl.metadata (27 kB)
Collecting iniconfig (from pytest)
  Downloading iniconfig-2.0.0-py3-none-any.whl.metadata (2.6 kB)
Collecting packaging (from pytest)
  Downloading packaging-24.2-py3-none-any.whl.metadata (3.2 kB)
Collecting pluggy<2,>=1.5 (from pytest)
  Downloading pluggy-1.5.0-py3-none-any.whl.metadata (4.8 kB)
Collecting pylint>=2.15.0 (from pytest-pylint)
  Downloading pylint-3.3.4-py3-none-any.whl.metadata (12 kB)
Collecting coverage>=7.5 (from coverage[toml]>=7.5->pytest-cov)
  Downloading coverage-7.6.10-cp312-cp312-manylinux_2_5_x86_64.manylinux1_x86_64.manylinux_2_17_x86_64.manylinux2014_x86_64.whl.metadata (8.2 kB)
Collecting dill>=0.3.6 (from pylint>=2.15.0->pytest-pylint)
  Downloading dill-0.3.9-py3-none-any.whl.metadata (10 kB)
Collecting platformdirs>=2.2.0 (from pylint>=2.15.0->pytest-pylint)
  Downloading platformdirs-4.3.6-py3-none-any.whl.metadata (11 kB)
Collecting astroid<=3.4.0-dev0,>=3.3.8 (from pylint>=2.15.0->pytest-pylint)
  Downloading astroid-3.3.8-py3-none-any.whl.metadata (4.5 kB)
Collecting isort!=5.13.0,<7,>=4.2.5 (from pylint>=2.15.0->pytest-pylint)
  Downloading isort-6.0.0-py3-none-any.whl.metadata (11 kB)
Collecting mccabe<0.8,>=0.6 (from pylint>=2.15.0->pytest-pylint)
  Downloading mccabe-0.7.0-py2.py3-none-any.whl.metadata (5.0 kB)
Collecting tomlkit>=0.10.1 (from pylint>=2.15.0->pytest-pylint)
  Downloading tomlkit-0.13.2-py3-none-any.whl.metadata (2.7 kB)
Downloading pytest-8.3.4-py3-none-any.whl (343 kB)
   ━━━━━━━━━━━━━━━━━━━━━━━━━━━━━━━━━━━━━━━━ 343.1/343.1 kB 6.3 MB/s eta 0:00:00
Downloading pytest_pylint-0.21.0-py3-none-any.whl (9.8 kB)
Downloading pytest_cov-6.0.0-py3-none-any.whl (22 kB)
Downloading coverage-7.6.10-cp312-cp312-manylinux_2_5_x86_64.manylinux1_x86_64.manylinux_2_17_x86_64.manylinux2014_x86_64.whl (240 kB)
   ━━━━━━━━━━━━━━━━━━━━━━━━━━━━━━━━━━━━━━━━ 240.6/240.6 kB 22.5 MB/s eta 0:00:00
Downloading pluggy-1.5.0-py3-none-any.whl (20 kB)
Downloading pylint-3.3.4-py3-none-any.whl (522 kB)
   ━━━━━━━━━━━━━━━━━━━━━━━━━━━━━━━━━━━━━━━━ 522.3/522.3 kB 23.6 MB/s eta 0:00:00
Downloading iniconfig-2.0.0-py3-none-any.whl (5.9 kB)
Downloading packaging-24.2-py3-none-any.whl (65 kB)
   ━━━━━━━━━━━━━━━━━━━━━━━━━━━━━━━━━━━━━━━━ 65.5/65.5 kB 18.7 MB/s eta 0:00:00
Downloading astroid-3.3.8-py3-none-any.whl (275 kB)
   ━━━━━━━━━━━━━━━━━━━━━━━━━━━━━━━━━━━━━━━━ 275.2/275.2 kB 20.6 MB/s eta 0:00:00
Downloading dill-0.3.9-py3-none-any.whl (119 kB)
   ━━━━━━━━━━━━━━━━━━━━━━━━━━━━━━━━━━━━━━━━ 119.4/119.4 kB 14.0 MB/s eta 0:00:00
Downloading isort-6.0.0-py3-none-any.whl (94 kB)
   ━━━━━━━━━━━━━━━━━━━━━━━━━━━━━━━━━━━━━━━━ 94.1/94.1 kB 21.5 MB/s eta 0:00:00
Downloading mccabe-0.7.0-py2.py3-none-any.whl (7.3 kB)
Downloading platformdirs-4.3.6-py3-none-any.whl (18 kB)
Downloading tomlkit-0.13.2-py3-none-any.whl (37 kB)
Installing collected packages: tomlkit, pluggy, platformdirs, packaging, mccabe, isort, iniconfig, dill, coverage, astroid, pytest, pylint, pytest-pylint, pytest-cov
Successfully installed astroid-3.3.8 coverage-7.6.10 dill-0.3.9 iniconfig-2.0.0 isort-6.0.0 mccabe-0.7.0 packaging-24.2 platformdirs-4.3.6 pluggy-1.5.0 pylint-3.3.4 pytest-8.3.4 pytest-cov-6.0.0 pytest-pylint-0.21.0 tomlkit-0.13.2
(venv) sairamchran@SAI-book4:~/project-web/calculator1916154$ pip3 freeze > requirements.txt
(venv) sairamchran@SAI-book4:~/project-web/calculator1916154$ pip3 install -r requirments.txt
ERROR: Could not open requirements file: [Errno 2] No such file or directory: 'requirments.txt'
(venv) sairamchran@SAI-book4:~/project-web/calculator1916154$ ls
readme.md  requirements.txt  venv
(venv) sairamchran@SAI-book4:~/project-web/calculator1916154$ pip3 install -r requirments.txt
ERROR: Could not open requirements file: [Errno 2] No such file or directory: 'requirments.txt'
(venv) sairamchran@SAI-book4:~/project-web/calculator1916154$ pip3 install -r requirements.txt
Requirement already satisfied: astroid==3.3.8 in ./venv/lib/python3.12/site-packages (from -r requirements.txt (line 1)) (3.3.8)
Requirement already satisfied: coverage==7.6.10 in ./venv/lib/python3.12/site-packages (from -r requirements.txt (line 2)) (7.6.10)
Requirement already satisfied: dill==0.3.9 in ./venv/lib/python3.12/site-packages (from -r requirements.txt (line 3)) (0.3.9)
Requirement already satisfied: iniconfig==2.0.0 in ./venv/lib/python3.12/site-packages (from -r requirements.txt (line 4)) (2.0.0)
Requirement already satisfied: isort==6.0.0 in ./venv/lib/python3.12/site-packages (from -r requirements.txt (line 5)) (6.0.0)
Requirement already satisfied: mccabe==0.7.0 in ./venv/lib/python3.12/site-packages (from -r requirements.txt (line 6)) (0.7.0)
Requirement already satisfied: packaging==24.2 in ./venv/lib/python3.12/site-packages (from -r requirements.txt (line 7)) (24.2)
Requirement already satisfied: platformdirs==4.3.6 in ./venv/lib/python3.12/site-packages (from -r requirements.txt (line 8)) (4.3.6)
Requirement already satisfied: pluggy==1.5.0 in ./venv/lib/python3.12/site-packages (from -r requirements.txt (line 9)) (1.5.0)
Requirement already satisfied: pylint==3.3.4 in ./venv/lib/python3.12/site-packages (from -r requirements.txt (line 10)) (3.3.4)
Requirement already satisfied: pytest==8.3.4 in ./venv/lib/python3.12/site-packages (from -r requirements.txt (line 11)) (8.3.4)
Requirement already satisfied: pytest-cov==6.0.0 in ./venv/lib/python3.12/site-packages (from -r requirements.txt (line 12)) (6.0.0)
Requirement already satisfied: pytest-pylint==0.21.0 in ./venv/lib/python3.12/site-packages (from -r requirements.txt (line 13)) (0.21.0)
Requirement already satisfied: tomlkit==0.13.2 in ./venv/lib/python3.12/site-packages (from -r requirements.txt (line 14)) (0.13.2)
(venv) sairamchran@SAI-book4:~/project-web/calculator1916154$ mkdir calculator
(venv) sairamchran@SAI-book4:~/project-web/calculator1916154$ mkdir tests
(venv) sairamchran@SAI-book4:~/project-web/calculator1916154$ cd tests
(venv) sairamchran@SAI-book4:~/project-web/calculator1916154/tests$ cd
(venv) sairamchran@SAI-book4:~$ cd project-web/
(venv) sairamchran@SAI-book4:~/project-web$ cd calculator1916154/
(venv) sairamchran@SAI-book4:~/project-web/calculator1916154$ touch tests/test_calculator.py
(venv) sairamchran@SAI-book4:~/project-web/calculator1916154$ ls
calculator  readme.md  requirements.txt  tests  venv
(venv) sairamchran@SAI-book4:~/project-web/calculator1916154$ touch tests/__init__.py
(venv) sairamchran@SAI-book4:~/project-web/calculator1916154$ touch calculator/__init__.py
(venv) sairamchran@SAI-book4:~/project-web/calculator1916154$ git add requirements.txt
(venv) sairamchran@SAI-book4:~/project-web/calculator1916154$ git commit -m "added requiremets file with libraries"
[master fc07aa0] added requiremets file with libraries
 1 file changed, 14 insertions(+)
 create mode 100644 requirements.txt
(venv) sairamchran@SAI-book4:~/project-web/calculator1916154$ git push origin master
Enumerating objects: 4, done.
Counting objects: 100% (4/4), done.
Delta compression using up to 22 threads
Compressing objects: 100% (3/3), done.
Writing objects: 100% (3/3), 475 bytes | 475.00 KiB/s, done.
Total 3 (delta 0), reused 0 (delta 0), pack-reused 0
To github.com:sairamcharan9/calculator1916154.git
   f3d7e9a..fc07aa0  master -> master
(venv) sairamchran@SAI-book4:~/project-web/calculator1916154$ git commit -a -m "Added addition function to calculator folder and added test fucntion to the same in tests folder"
On branch master
Untracked files:
  (use "git add <file>..." to include in what will be committed)
        calculator/
        tests/

nothing added to commit but untracked files present (use "git add" to track)
(venv) sairamchran@SAI-book4:~/project-web/calculator1916154$ git add calculator
(venv) sairamchran@SAI-book4:~/project-web/calculator1916154$ git add tests
(venv) sairamchran@SAI-book4:~/project-web/calculator1916154$ git commit -a -m "Added addition function to calculator folder and added test fucntion to the same in tests folder"
[master ceb08ff] Added addition function to calculator folder and added test fucntion to the same in tests folder
 3 files changed, 8 insertions(+)
 create mode 100644 calculator/__init__.py
 create mode 100644 tests/__init__.py
 create mode 100644 tests/test_calculator.py
(venv) sairamchran@SAI-book4:~/project-web/calculator1916154$ git push origin master
Enumerating objects: 8, done.
Counting objects: 100% (8/8), done.
Delta compression using up to 22 threads
Compressing objects: 100% (5/5), done.
Writing objects: 100% (7/7), 726 bytes | 726.00 KiB/s, done.
Total 7 (delta 0), reused 0 (delta 0), pack-reused 0
To github.com:sairamcharan9/calculator1916154.git
   fc07aa0..ceb08ff  master -> master
(venv) sairamchran@SAI-book4:~/project-web/calculator1916154$ touch pytest.ini
(venv) sairamchran@SAI-book4:~/project-web/calculator1916154$ git add pytest.ini
(venv) sairamchran@SAI-book4:~/project-web/calculator1916154$ git commit -a -m " added pytest.ini file"
[master b6f7e6b]  added pytest.ini file
 1 file changed, 29 insertions(+)
 create mode 100644 pytest.ini
(venv) sairamchran@SAI-book4:~/project-web/calculator1916154$ git push origin master
Enumerating objects: 4, done.
Counting objects: 100% (4/4), done.
Delta compression using up to 22 threads
Compressing objects: 100% (3/3), done.
Writing objects: 100% (3/3), 672 bytes | 672.00 KiB/s, done.
Total 3 (delta 1), reused 0 (delta 0), pack-reused 0
remote: Resolving deltas: 100% (1/1), completed with 1 local object.
To github.com:sairamcharan9/calculator1916154.git
   ceb08ff..b6f7e6b  master -> master
(venv) sairamchran@SAI-book4:~/project-web/calculator1916154$ pytest
==================================================================== test session starts =====================================================================
platform linux -- Python 3.12.3, pytest-8.3.4, pluggy-1.5.0 -- /home/sairamchran/project-web/calculator1916154/venv/bin/python
cachedir: .pytest_cache
rootdir: /home/sairamchran/project-web/calculator1916154
configfile: pytest.ini
testpaths: tests
plugins: cov-6.0.0, pylint-0.21.0
collected 1 item                                                                                                                                             

tests/test_calculator.py::test_addition PASSED                                                                                                         [100%]

===================================================================== 1 passed in 0.01s ======================================================================
(venv) sairamchran@SAI-book4:~/project-web/calculator1916154$ pytest --pylint
/home/sairamchran/project-web/calculator1916154/venv/lib/python3.12/site-packages/pytest_pylint/plugin.py:223: PytestRemovedIn9Warning: The (path: py.path.local) argument is deprecated, please use (file_path: pathlib.Path)
see https://docs.pytest.org/en/latest/deprecations.html#py-path-local-arguments-for-hooks-replaced-with-pathlib-path
  def pytest_collect_file(self, path, parent):
==================================================================== test session starts =====================================================================
platform linux -- Python 3.12.3, pytest-8.3.4, pluggy-1.5.0 -- /home/sairamchran/project-web/calculator1916154/venv/bin/python
cachedir: .pytest_cache
rootdir: /home/sairamchran/project-web/calculator1916154
configfile: pytest.ini
testpaths: tests
plugins: cov-6.0.0, pylint-0.21.0
collected 3 items                                                                                                                                            
--------------------------------------------------------------------------------
Linting files
......
--------------------------------------------------------------------------------

tests/__init__.py::PYLINT PASSED                                                                                                                       [ 33%]
tests/test_calculator.py::PYLINT FAILED                                                                                                                [ 66%]
tests/test_calculator.py::test_addition PASSED                                                                                                         [100%]

========================================================================== FAILURES ==========================================================================
_____________________________________________________________ [pylint] tests/test_calculator.py ______________________________________________________________
C:  5, 0: Final newline missing (missing-final-newline)
C:  1, 0: Missing module docstring (missing-module-docstring)
================================================================== short test summary info ===================================================================
FAILED tests/test_calculator.py::PYLINT
================================================================ 1 failed, 2 passed in 0.14s =================================================================
(venv) sairamchran@SAI-book4:~/project-web/calculator1916154$ pytest --pylint --cov
/home/sairamchran/project-web/calculator1916154/venv/lib/python3.12/site-packages/pytest_pylint/plugin.py:223: PytestRemovedIn9Warning: The (path: py.path.local) argument is deprecated, please use (file_path: pathlib.Path)
see https://docs.pytest.org/en/latest/deprecations.html#py-path-local-arguments-for-hooks-replaced-with-pathlib-path
  def pytest_collect_file(self, path, parent):
==================================================================== test session starts =====================================================================
platform linux -- Python 3.12.3, pytest-8.3.4, pluggy-1.5.0 -- /home/sairamchran/project-web/calculator1916154/venv/bin/python
cachedir: .pytest_cache
rootdir: /home/sairamchran/project-web/calculator1916154
configfile: pytest.ini
testpaths: tests
plugins: cov-6.0.0, pylint-0.21.0
collected 3 items                                                                                                                                            
--------------------------------------------------------------------------------
Linting files
....
--------------------------------------------------------------------------------

tests/__init__.py::PYLINT SKIPPED (file(s) previously passed pylint checks)                                                                            [ 33%]
tests/test_calculator.py::PYLINT FAILED                                                                                                                [ 66%]
tests/test_calculator.py::test_addition PASSED                                                                                                         [100%]

========================================================================== FAILURES ==========================================================================
_____________________________________________________________ [pylint] tests/test_calculator.py ______________________________________________________________
C:  5, 0: Final newline missing (missing-final-newline)
C:  1, 0: Missing module docstring (missing-module-docstring)

---------- coverage: platform linux, python 3.12.3-final-0 -----------
Name                       Stmts   Miss  Cover
----------------------------------------------
calculator/__init__.py         2      0   100%
tests/__init__.py              0      0   100%
tests/test_calculator.py       3      0   100%
----------------------------------------------
TOTAL                          5      0   100%

================================================================== short test summary info ===================================================================
FAILED tests/test_calculator.py::PYLINT
=========================================================== 1 failed, 1 passed, 1 skipped in 0.37s ===========================================================
(venv) sairamchran@SAI-book4:~/project-web/calculator1916154$ pytest --pylint --cov
/home/sairamchran/project-web/calculator1916154/venv/lib/python3.12/site-packages/pytest_pylint/plugin.py:223: PytestRemovedIn9Warning: The (path: py.path.local) argument is deprecated, please use (file_path: pathlib.Path)
see https://docs.pytest.org/en/latest/deprecations.html#py-path-local-arguments-for-hooks-replaced-with-pathlib-path
  def pytest_collect_file(self, path, parent):
==================================================================== test session starts =====================================================================
platform linux -- Python 3.12.3, pytest-8.3.4, pluggy-1.5.0 -- /home/sairamchran/project-web/calculator1916154/venv/bin/python
cachedir: .pytest_cache
rootdir: /home/sairamchran/project-web/calculator1916154
configfile: pytest.ini
testpaths: tests
plugins: cov-6.0.0, pylint-0.21.0
collected 3 items                                                                                                                                            
--------------------------------------------------------------------------------
Linting files
....
--------------------------------------------------------------------------------

tests/__init__.py::PYLINT SKIPPED (file(s) previously passed pylint checks)                                                                            [ 33%]
tests/test_calculator.py::PYLINT FAILED                                                                                                                [ 66%]
tests/test_calculator.py::test_addition PASSED                                                                                                         [100%]

========================================================================== FAILURES ==========================================================================
_____________________________________________________________ [pylint] tests/test_calculator.py ______________________________________________________________
C:  6, 0: Final newline missing (missing-final-newline)

---------- coverage: platform linux, python 3.12.3-final-0 -----------
Name                       Stmts   Miss  Cover
----------------------------------------------
calculator/__init__.py         2      0   100%
tests/__init__.py              0      0   100%
tests/test_calculator.py       3      0   100%
----------------------------------------------
TOTAL                          5      0   100%

================================================================== short test summary info ===================================================================
FAILED tests/test_calculator.py::PYLINT
=========================================================== 1 failed, 1 passed, 1 skipped in 0.37s ===========================================================
(venv) sairamchran@SAI-book4:~/project-web/calculator1916154$ pytest --pylint --cov
/home/sairamchran/project-web/calculator1916154/venv/lib/python3.12/site-packages/pytest_pylint/plugin.py:223: PytestRemovedIn9Warning: The (path: py.path.local) argument is deprecated, please use (file_path: pathlib.Path)
see https://docs.pytest.org/en/latest/deprecations.html#py-path-local-arguments-for-hooks-replaced-with-pathlib-path
  def pytest_collect_file(self, path, parent):
==================================================================== test session starts =====================================================================
platform linux -- Python 3.12.3, pytest-8.3.4, pluggy-1.5.0 -- /home/sairamchran/project-web/calculator1916154/venv/bin/python
cachedir: .pytest_cache
rootdir: /home/sairamchran/project-web/calculator1916154
configfile: pytest.ini
testpaths: tests
plugins: cov-6.0.0, pylint-0.21.0
collected 3 items                                                                                                                                            
--------------------------------------------------------------------------------
Linting files
....
--------------------------------------------------------------------------------

tests/__init__.py::PYLINT SKIPPED (file(s) previously passed pylint checks)                                                                            [ 33%]
tests/test_calculator.py::PYLINT FAILED                                                                                                                [ 66%]
tests/test_calculator.py::test_addition PASSED                                                                                                         [100%]

========================================================================== FAILURES ==========================================================================
_____________________________________________________________ [pylint] tests/test_calculator.py ______________________________________________________________
C:  7, 0: Final newline missing (missing-final-newline)

---------- coverage: platform linux, python 3.12.3-final-0 -----------
Name                       Stmts   Miss  Cover
----------------------------------------------
calculator/__init__.py         2      0   100%
tests/__init__.py              0      0   100%
tests/test_calculator.py       3      0   100%
----------------------------------------------
TOTAL                          5      0   100%

================================================================== short test summary info ===================================================================
FAILED tests/test_calculator.py::PYLINT
=========================================================== 1 failed, 1 passed, 1 skipped in 0.38s ===========================================================
(venv) sairamchran@SAI-book4:~/project-web/calculator1916154$ pytest --pylint --cov
/home/sairamchran/project-web/calculator1916154/venv/lib/python3.12/site-packages/pytest_pylint/plugin.py:223: PytestRemovedIn9Warning: The (path: py.path.local) argument is deprecated, please use (file_path: pathlib.Path)
see https://docs.pytest.org/en/latest/deprecations.html#py-path-local-arguments-for-hooks-replaced-with-pathlib-path
  def pytest_collect_file(self, path, parent):
==================================================================== test session starts =====================================================================
platform linux -- Python 3.12.3, pytest-8.3.4, pluggy-1.5.0 -- /home/sairamchran/project-web/calculator1916154/venv/bin/python
cachedir: .pytest_cache
rootdir: /home/sairamchran/project-web/calculator1916154
configfile: pytest.ini
testpaths: tests
plugins: cov-6.0.0, pylint-0.21.0
collected 3 items                                                                                                                                            
--------------------------------------------------------------------------------
Linting files
....
--------------------------------------------------------------------------------

tests/__init__.py::PYLINT SKIPPED (file(s) previously passed pylint checks)                                                                            [ 33%]
tests/test_calculator.py::PYLINT FAILED                                                                                                                [ 66%]
tests/test_calculator.py::test_addition PASSED                                                                                                         [100%]

========================================================================== FAILURES ==========================================================================
_____________________________________________________________ [pylint] tests/test_calculator.py ______________________________________________________________
C:  7, 0: Trailing whitespace (trailing-whitespace)

---------- coverage: platform linux, python 3.12.3-final-0 -----------
Name                       Stmts   Miss  Cover
----------------------------------------------
calculator/__init__.py         2      0   100%
tests/__init__.py              0      0   100%
tests/test_calculator.py       3      0   100%
----------------------------------------------
TOTAL                          5      0   100%

================================================================== short test summary info ===================================================================
FAILED tests/test_calculator.py::PYLINT
=========================================================== 1 failed, 1 passed, 1 skipped in 0.37s ===========================================================
(venv) sairamchran@SAI-book4:~/project-web/calculator1916154$ pytest --pylint --cov
/home/sairamchran/project-web/calculator1916154/venv/lib/python3.12/site-packages/pytest_pylint/plugin.py:223: PytestRemovedIn9Warning: The (path: py.path.local) argument is deprecated, please use (file_path: pathlib.Path)
see https://docs.pytest.org/en/latest/deprecations.html#py-path-local-arguments-for-hooks-replaced-with-pathlib-path
  def pytest_collect_file(self, path, parent):
==================================================================== test session starts =====================================================================
platform linux -- Python 3.12.3, pytest-8.3.4, pluggy-1.5.0 -- /home/sairamchran/project-web/calculator1916154/venv/bin/python
cachedir: .pytest_cache
rootdir: /home/sairamchran/project-web/calculator1916154
configfile: pytest.ini
testpaths: tests
plugins: cov-6.0.0, pylint-0.21.0
collected 3 items                                                                                                                                            
--------------------------------------------------------------------------------
Linting files
....
--------------------------------------------------------------------------------

tests/__init__.py::PYLINT SKIPPED (file(s) previously passed pylint checks)                                                                            [ 33%]
tests/test_calculator.py::PYLINT FAILED                                                                                                                [ 66%]
tests/test_calculator.py::test_addition PASSED                                                                                                         [100%]

========================================================================== FAILURES ==========================================================================
_____________________________________________________________ [pylint] tests/test_calculator.py ______________________________________________________________
C:  7, 0: Trailing newlines (trailing-newlines)

---------- coverage: platform linux, python 3.12.3-final-0 -----------
Name                       Stmts   Miss  Cover
----------------------------------------------
calculator/__init__.py         2      0   100%
tests/__init__.py              0      0   100%
tests/test_calculator.py       3      0   100%
----------------------------------------------
TOTAL                          5      0   100%

================================================================== short test summary info ===================================================================
FAILED tests/test_calculator.py::PYLINT
=========================================================== 1 failed, 1 passed, 1 skipped in 0.37s ===========================================================
(venv) sairamchran@SAI-book4:~/project-web/calculator1916154$ pytest --pylint --cov
/home/sairamchran/project-web/calculator1916154/venv/lib/python3.12/site-packages/pytest_pylint/plugin.py:223: PytestRemovedIn9Warning: The (path: py.path.local) argument is deprecated, please use (file_path: pathlib.Path)
see https://docs.pytest.org/en/latest/deprecations.html#py-path-local-arguments-for-hooks-replaced-with-pathlib-path
  def pytest_collect_file(self, path, parent):
==================================================================== test session starts =====================================================================
platform linux -- Python 3.12.3, pytest-8.3.4, pluggy-1.5.0 -- /home/sairamchran/project-web/calculator1916154/venv/bin/python
cachedir: .pytest_cache
rootdir: /home/sairamchran/project-web/calculator1916154
configfile: pytest.ini
testpaths: tests
plugins: cov-6.0.0, pylint-0.21.0
collected 3 items                                                                                                                                            
--------------------------------------------------------------------------------
Linting files
......
--------------------------------------------------------------------------------

tests/__init__.py::PYLINT PASSED                                                                                                                       [ 33%]
tests/test_calculator.py::PYLINT FAILED                                                                                                                [ 66%]
tests/test_calculator.py::test_addition PASSED                                                                                                         [100%]

========================================================================== FAILURES ==========================================================================
_____________________________________________________________ [pylint] tests/test_calculator.py ______________________________________________________________
C:  6, 0: Final newline missing (missing-final-newline)

---------- coverage: platform linux, python 3.12.3-final-0 -----------
Name                       Stmts   Miss  Cover
----------------------------------------------
calculator/__init__.py         2      0   100%
tests/__init__.py              0      0   100%
tests/test_calculator.py       3      0   100%
----------------------------------------------
TOTAL                          5      0   100%

================================================================== short test summary info ===================================================================
FAILED tests/test_calculator.py::PYLINT
================================================================ 1 failed, 2 passed in 0.37s =================================================================
(venv) sairamchran@SAI-book4:~/project-web/calculator1916154$ pytest --pylint --cov
/home/sairamchran/project-web/calculator1916154/venv/lib/python3.12/site-packages/pytest_pylint/plugin.py:223: PytestRemovedIn9Warning: The (path: py.path.local) argument is deprecated, please use (file_path: pathlib.Path)
see https://docs.pytest.org/en/latest/deprecations.html#py-path-local-arguments-for-hooks-replaced-with-pathlib-path
  def pytest_collect_file(self, path, parent):
==================================================================== test session starts =====================================================================
platform linux -- Python 3.12.3, pytest-8.3.4, pluggy-1.5.0 -- /home/sairamchran/project-web/calculator1916154/venv/bin/python
cachedir: .pytest_cache
rootdir: /home/sairamchran/project-web/calculator1916154
configfile: pytest.ini
testpaths: tests
plugins: cov-6.0.0, pylint-0.21.0
collected 3 items                                                                                                                                            
--------------------------------------------------------------------------------
Linting files
....
--------------------------------------------------------------------------------

tests/__init__.py::PYLINT SKIPPED (file(s) previously passed pylint checks)                                                                            [ 33%]
tests/test_calculator.py::PYLINT FAILED                                                                                                                [ 66%]
tests/test_calculator.py::test_addition PASSED                                                                                                         [100%]

========================================================================== FAILURES ==========================================================================
_____________________________________________________________ [pylint] tests/test_calculator.py ______________________________________________________________
C:  6, 0: Final newline missing (missing-final-newline)

---------- coverage: platform linux, python 3.12.3-final-0 -----------
Name                       Stmts   Miss  Cover
----------------------------------------------
calculator/__init__.py         2      0   100%
tests/__init__.py              0      0   100%
tests/test_calculator.py       3      0   100%
----------------------------------------------
TOTAL                          5      0   100%

================================================================== short test summary info ===================================================================
FAILED tests/test_calculator.py::PYLINT
=========================================================== 1 failed, 1 passed, 1 skipped in 0.37s ===========================================================
(venv) sairamchran@SAI-book4:~/project-web/calculator1916154$ pytest --pylint --cov
/home/sairamchran/project-web/calculator1916154/venv/lib/python3.12/site-packages/pytest_pylint/plugin.py:223: PytestRemovedIn9Warning: The (path: py.path.local) argument is deprecated, please use (file_path: pathlib.Path)
see https://docs.pytest.org/en/latest/deprecations.html#py-path-local-arguments-for-hooks-replaced-with-pathlib-path
  def pytest_collect_file(self, path, parent):
==================================================================== test session starts =====================================================================
platform linux -- Python 3.12.3, pytest-8.3.4, pluggy-1.5.0 -- /home/sairamchran/project-web/calculator1916154/venv/bin/python
cachedir: .pytest_cache
rootdir: /home/sairamchran/project-web/calculator1916154
configfile: pytest.ini
testpaths: tests
plugins: cov-6.0.0, pylint-0.21.0
collected 3 items                                                                                                                                            
--------------------------------------------------------------------------------
Linting files
....
--------------------------------------------------------------------------------

tests/__init__.py::PYLINT SKIPPED (file(s) previously passed pylint checks)                                                                            [ 33%]
tests/test_calculator.py::PYLINT PASSED                                                                                                                [ 66%]
tests/test_calculator.py::test_addition PASSED                                                                                                         [100%]

---------- coverage: platform linux, python 3.12.3-final-0 -----------
Name                       Stmts   Miss  Cover
----------------------------------------------
calculator/__init__.py         2      0   100%
tests/__init__.py              0      0   100%
tests/test_calculator.py       3      0   100%
----------------------------------------------
TOTAL                          5      0   100%


================================================================ 2 passed, 1 skipped in 0.37s ================================================================
(venv) sairamchran@SAI-book4:~/project-web/calculator1916154$ git commit -a -m "debugged and changed pylint and pytest errors
> 
> ^C
(venv) sairamchran@SAI-book4:~/project-web/calculator1916154$ git commit -a -m "debugged and changed pylint and pytest errors"
[master 054ea67] debugged and changed pylint and pytest errors
 1 file changed, 3 insertions(+), 2 deletions(-)
(venv) sairamchran@SAI-book4:~/project-web/calculator1916154$ git push origin master
Enumerating objects: 7, done.
Counting objects: 100% (7/7), done.
Delta compression using up to 22 threads
Compressing objects: 100% (4/4), done.
Writing objects: 100% (4/4), 462 bytes | 462.00 KiB/s, done.
Total 4 (delta 1), reused 0 (delta 0), pack-reused 0
remote: Resolving deltas: 100% (1/1), completed with 1 local object.
To github.com:sairamcharan9/calculator1916154.git
   b6f7e6b..054ea67  master -> master
(venv) sairamchran@SAI-book4:~/project-web/calculator1916154$ pytest --pylint --cov
/home/sairamchran/project-web/calculator1916154/venv/lib/python3.12/site-packages/pytest_pylint/plugin.py:223: PytestRemovedIn9Warning: The (path: py.path.local) argument is deprecated, please use (file_path: pathlib.Path)
see https://docs.pytest.org/en/latest/deprecations.html#py-path-local-arguments-for-hooks-replaced-with-pathlib-path
  def pytest_collect_file(self, path, parent):
==================================================================== test session starts =====================================================================
platform linux -- Python 3.12.3, pytest-8.3.4, pluggy-1.5.0 -- /home/sairamchran/project-web/calculator1916154/venv/bin/python
cachedir: .pytest_cache
rootdir: /home/sairamchran/project-web/calculator1916154
configfile: pytest.ini
testpaths: tests
plugins: cov-6.0.0, pylint-0.21.0
collected 4 items                                                                                                                                            
--------------------------------------------------------------------------------
Linting files
....
--------------------------------------------------------------------------------

tests/__init__.py::PYLINT SKIPPED (file(s) previously passed pylint checks)                                                                            [ 25%]
tests/test_calculator.py::PYLINT PASSED                                                                                                                [ 50%]
tests/test_calculator.py::test_addition PASSED                                                                                                         [ 75%]
tests/test_calculator.py::test_subtraction PASSED                                                                                                      [100%]

---------- coverage: platform linux, python 3.12.3-final-0 -----------
Name                       Stmts   Miss  Cover
----------------------------------------------
calculator/__init__.py         4      0   100%
tests/__init__.py              0      0   100%
tests/test_calculator.py       5      0   100%
----------------------------------------------
TOTAL                          9      0   100%


================================================================ 3 passed, 1 skipped in 0.36s ================================================================
(venv) sairamchran@SAI-book4:~/project-web/calculator1916154$ git commit -a -m "added subtraction function"
[master 459fa39] added subtraction function
 2 files changed, 10 insertions(+), 2 deletions(-)
(venv) sairamchran@SAI-book4:~/project-web/calculator1916154$ git push origin master
Enumerating objects: 11, done.
Counting objects: 100% (11/11), done.
Delta compression using up to 22 threads
Compressing objects: 100% (5/5), done.
Writing objects: 100% (6/6), 637 bytes | 637.00 KiB/s, done.
Total 6 (delta 1), reused 0 (delta 0), pack-reused 0
remote: Resolving deltas: 100% (1/1), completed with 1 local object.
To github.com:sairamcharan9/calculator1916154.git
   054ea67..459fa39  master -> master
(venv) sairamchran@SAI-book4:~/project-web/calculator1916154$ git pull --rebase origin master
From github.com:sairamcharan9/calculator1916154
 * branch            master     -> FETCH_HEAD
Already up to date.
(venv) sairamchran@SAI-book4:~/project-web/calculator1916154$ git branch -m master version1
(venv) sairamchran@SAI-book4:~/project-web/calculator1916154$ git status
On branch version1
nothing to commit, working tree clean
(venv) sairamchran@SAI-book4:~/project-web/calculator1916154$ git push origin version1
Total 0 (delta 0), reused 0 (delta 0), pack-reused 0
remote: 
remote: Create a pull request for 'version1' on GitHub by visiting:
remote:      https://github.com/sairamcharan9/calculator1916154/pull/new/version1
remote: 
To github.com:sairamcharan9/calculator1916154.git
 * [new branch]      version1 -> version1
(venv) sairamchran@SAI-book4:~/project-web/calculator1916154$ history
    1  distroName config --default-user sairamcharan
    2  distroName config --default-user sairamchran
    3  sudo passwd root
    4  usermod -l sairamcharan -d /home/newuser -m sairamchran
    5  exit
    6  ls
    7  pwd
    8  git
    9  ls
   10  clear
   11  history
   12  ls -l
   13  mkdir homework_web
   14  cd homework_web/
   15  pwd
   16  mkdir hmwrk1
   17  cd hmwrk1/
   18  pwd
   19  git init
   20  ls -a
   21  touch readme.md
   22  git status
   23  touch .gitignore
   24  git config --global user.email "sb2853@njit.edu"
   25  git config --global user.name "sairamcharan9"
   26  git status
   27  git commit "added a git ignore"
   28  git commit -m "added a git ignore"
   29  git add gitignore
   30  git add .gitignore
   31  git commit -m "added a git ignore"
   32  git log
   33  git init
   34  git status
   35  vi .gitignore
   36  git init
   37  git merge updateReadme
   38  ssh-keygen -t rsa -b 2048
   39  git init
   40  git remote add origin git@github.com:sairamcharan9/hmwrk1.git
   41  git remote show
   42  git remote show orign
   43  git push orign master
   44  ls -a
   45  vi readme
   46  mkdir project-web
   47  cd project-web/
   48  clear
   49  ls
   50  code .
   51  exit
   52  git init
   53  ls -a
   54  cd homework_web
   55  ls -a
   56  cd hmwrk1
   57  ls -a
   58  git init
   59  git push orign master
   60  ssh-keygen -t rsa -b 2048
   61  vi ~/.ssh/id_rsa.pub
   62  git remote add orign
   63  git remote show
   64  git remote show orign
   65  git push orign master
   66  git remote add orign
   67  git remote add origin git@github.com:sairamcharan9/hmwrk1.git
   68  git show orign
   69  git push orign master
   70  git remote show
   71  git checkout master
   72  git merge readme.md
   73  exit
   74  git push orign master
   75  git push origin master
   76  git push origin master git@github.com:sairamcharan9/hmwrk1.git
   77  git remote add origin git@github.com:sairamcharan9/hmwrk1.git
   78  git remote show
   79  git remote show orign
   80  git remote -v
   81  git remote remove orign
   82  git remote add origin git@github.com:sairamcharan9/hmwrk1.git
   83  git push origin git@github.com:sairamcharan9/hmwrk1.git
   84  git status
   85  git add readme.md
   86  git commit -m "added readme file"
   87  git branch
   88  git push orign main
   89  git push origin main
   90  git remote set-url origin git@github.com:sairamcharan9/hmwrk1.git
   91  git push origin main
   92  git push -u origin main
   93  ssh -T git@github.com
   94  ssh-add ~/.ssh/id_rsa
   95  git push origin HEAD
   96  git remote -v
   97  ssh -T git@github.com
   98  ssh-keyscan -t ed25519 github.com >> ~/.ssh/known_hosts
   99  cat ~/.ssh/known_hosts | grep github.com
  100  ssh -T git@github.com
  101  git push origin master
  102  git branch
  103  git branch -m master main
  104  git push -u origin main
  105  git push origin --delete master
  106  git branch -a
  107  git push -u origin main
  108  git push origin main
  109  git pull
  110  git push origin main
  111  git status
  112  git add readme.md
  113  got commit " added readme file"
  114  git commit " added readme file"
  115  git commit -m "added readme file"
  116  git push origin main
  117  git pull origin main
  118  git branch
  119  ls -a
  120  git status
  121  cd
  122  cd homework_web/
  123  mkdir hmwrk
  124  ls
  125  cd hmwrk
  126  ls
  127  vi readme.md
  128  git status
  129  git add readme.md
  130  git status
  131  clear
  132  exit
  133  cd homework_web/
  134  cd hmwrk
  135  ls
  136  ls -a
  137  git init
  138  git add readme.md
  139  git status
  140  git commit -m "added readme file"
  141  git branch
  142  git merge updateReadme
  143  git branch -m master main
  144  git branch
  145  git remote add origin git@github.com:sairamcharan9/hmwrk1.git
  146  git remote show origin
  147  git remote show
  148  git remote show origin
  149  git status
  150  git add readme.md
  151  git status
  152  git remote show origin
  153  git push origin main
  154  git fetch origin
  155  git pull origin main --rebase
  156  git rebase --continue
  157  git push origin main
  158  git add .gitignore
  159  vi .gitignore
  160  git add .gitignore
  161  ls -a
  162  touch .gitignore
  163  git add .gitignore
  164  git commit -m " added gitignore file"
  165  git push origin main
  166  ls -a
  167  cd
  168  cd project-web/
  169  ls
  170  exit
  171  sudo apt update -y
  172  sudo apt install python3-pip
  173  pip3 --version
  174  pip3 install virtualenv
  175  pip install virtualenv
  176  apt install virtualenv
  177  apt install python3-virtualenv
  178  pip install virtualenv
  179  pip3 install virtualenv
  180  python3 -m venv myenv
  181  source myenv/bin/activate
  182  myenv\Scripts\activate
  183  python3 -m venv myenv
  184  sudo apt install python3.12-venv
  185  pip3 install virtualenv
  186  sudo apt install python3-venv
  187  python3 -m venv myenv
  188  source myenv/bin/activate
  189  exit
  190  touch app/__init__.py
  191  touch tests __init__.py app/main.py
  192  touch pytest.ini
  193  touch tests/test_calculator.py
  194  touch tests/conftest.py
  195  python3 -m venv venv 
  196  apt install python3.12-venv
  197  sudo apt install python3.12-venv
  198  python3 -m venv venv
  199  sudo apt install python
  200  source venv/bin/activate
  201  pip install python3
  202  sudo apt install pip
  203  sudo apt-get install python3
  204  python3 -m venv venv
  205  sudo python3 -m venv venv
  206  sudo apt-get install python3.12-venv
  207  sudo apt pip install venv
  208  sudo apt-get venv
  209  sudo apt-get python
  210  sudo apt-get install python
  211  apt install python3.12-venv
  212  sudo apt install python3.12-venv
  213  sudo apt-get install python3.12-venv
  214  sudo apt-get install python3-venv
  215  sudo apt-get install python-venv
  216  touch .gitignore
  217  touch requirements.txt
  218  touch .coverage
  219  source venv/bin/activate
  220  git init
  221  git add .gitignore
  222  git commit -m 'added files to gitignore'
  223  git status
  224  cd hmwrk
  225  ls -a
  226  cd homework_web
  227  cd hmwrk1/
  228  code .
  229  git init
  230  git status
  231  git commit -m "added readme markdown"
  232  git add readme.md
  233  git commit -m "added readme markdown"
  234  ssh-keygen -t rsa -b 2048
  235  ls -a
  236  ls project-web
  237  code .
  238  /usr/bin/python3 /home/sairamchran/.vscode-server/extensions/ms-python.python-2024.22.2-linux-x64/python_files/printEnvVariablesToFile.py /home/sairamchran/.vscode-server/extensions/ms-python.python-2024.22.2-linux-x64/python_files/deactivate/bash/envVars.txt
  239  ls -a
  240  cd project-web
  241  ls
  242  ls -app
  243  ls app
  244  code .
  245  ls
  246  cd project-web
  247  ls
  248  clear
  249  mkdir calculator1916154
  250  1cd calculator1916154
  251  cd calculator1916154/
  252  git init
  253  git status
  254  touch .gitignore
  255  code .gitignore
  256  code calculator1916154
  257  code .calculator1916154
  258  ls
  259  ls -a
  260  git add .gitignore
  261  git commit -m "added git ignore file"
  262  ssh-keygen -t rsa -b 2048
  263  git remote add origin git@github.com:sairamcharan9/calculator1916154.git
  264  git push origin master
  265  touch readme.md
  266  code readme.md
  267  cd project-web/
  268  cd calculator1916154/
  269  cd project-web/
  270  cd calculator1916154/
  271  code readme.md
  272  code .
  273  git init
  274  git add readme.md
  275  git status
  276  git commit -m "Adding readme.md with contents regarding details of the homewoek"
  277  git push origin master
  278  git status
  279  git commit -lm "ADDED STYLING CORRECTLY"
  280  git commit --help
  281  git commit -m "styling contents of readme.md file"
  282  git commit -a -m "added styling to contents pf readme.md file"
  283  git push origin master
  284  virtualenv venv
  285  sudo apt install python3-virtualenv
  286  virtualenv venv
  287  source ./venv/bin/activate
  288  ls
  289  pip3 install pytest pytest-pylint pytest-cov
  290  pip3 freeze > requirements.txt
  291  pip3 install -r requirments.txt
  292  ls
  293  pip3 install -r requirments.txt
  294  pip3 install -r requirements.txt
  295  mkdir calculator
  296  mkdir tests
  297  cd tests
  298  cd
  299  cd project-web/
  300  cd calculator1916154/
  301  touch tests/test_calculator.py
  302  ls
  303  touch tests/__init__.py
  304  touch calculator/__init__.py
  305  git add requirements.txt
  306  git commit -m "added requiremets file with libraries"
  307  git push origin master
  308  git commit -a -m "Added addition function to calculator folder and added test fucntion to the same in tests folder"
  309  git add calculator
  310  git add tests
  311  git commit -a -m "Added addition function to calculator folder and added test fucntion to the same in tests folder"
  312  git push origin master
  313  touch pytest.ini
  314  git add pytest.ini
  315  git commit -a -m " added pytest.ini file"
  316  git push origin master
  317  pytest
  318  pytest --pylint
  319  pytest --pylint --cov
  320  git commit -a -m "debugged and changed pylint and pytest errors

  321  git commit -a -m "debugged and changed pylint and pytest errors"
  322  git push origin master
  323  pytest --pylint --cov
  324  git commit -a -m "added subtraction function"
  325  git push origin master
  326  git pull --rebase origin master
  327  git branch -m master version1
  328  git status
  329  git push origin version1
  330  history
(venv) sairamchran@SAI-book4:~/project-web/calculator1916154$ git commit -a -m "1)Created a new version branch for smooth progress with future homeworks.2)Upd
ated readme file with some notes "
[version1 9268dcd] 1)Created a new version branch for smooth progress with future homeworks.2)Updated readme file with some notes
 1 file changed, 120 insertions(+), 1 deletion(-)
(venv) sairamchran@SAI-book4:~/project-web/calculator1916154$ git push origin version1
Enumerating objects: 5, done.
Counting objects: 100% (5/5), done.
Delta compression using up to 22 threads
Compressing objects: 100% (3/3), done.
Writing objects: 100% (3/3), 1.53 KiB | 1.53 MiB/s, done.
Total 3 (delta 1), reused 0 (delta 0), pack-reused 0
remote: Resolving deltas: 100% (1/1), completed with 1 local object.
To github.com:sairamcharan9/calculator1916154.git
   459fa39..9268dcd  version1 -> version1
(venv) sairamchran@SAI-book4:~/project-web/calculator1916154$ git checkout master
branch 'master' set up to track 'origin/master'.
Switched to a new branch 'master'
(venv) sairamchran@SAI-book4:~/project-web/calculator1916154$ git merge version1
Updating 459fa39..9268dcd
Fast-forward
 readme.md | 121 ++++++++++++++++++++++++++++++++++++++++++++++++++++++++++++++++++++++++++++++++++++++++++++++++++++++++++++++++++++++++-
 1 file changed, 120 insertions(+), 1 deletion(-)
(venv) sairamchran@SAI-book4:~/project-web/calculator1916154$ git merge --abort
fatal: There is no merge to abort (MERGE_HEAD missing).
(venv) sairamchran@SAI-book4:~/project-web/calculator1916154$ git reset --hard master
HEAD is now at 9268dcd 1)Created a new version branch for smooth progress with future homeworks.2)Updated readme file with some notes
(venv) sairamchran@SAI-book4:~/project-web/calculator1916154$ git commit-a -m "fixes readme.md"
git: 'commit-a' is not a git command. See 'git --help'.

The most similar command is
        commit-graph
(venv) sairamchran@SAI-book4:~/project-web/calculator1916154$ git commit -a -m "fixes readme.md"
[master e2fb74c] fixes readme.md
 1 file changed, 2 deletions(-)
(venv) sairamchran@SAI-book4:~/project-web/calculator1916154$ git push origin version1
Everything up-to-date
(venv) sairamchran@SAI-book4:~/project-web/calculator1916154$ git commit -a -m "update readme.md"
[master 925f355] update readme.md
 1 file changed, 2 insertions(+), 116 deletions(-)
(venv) sairamchran@SAI-book4:~/project-web/calculator1916154$ git push origin master
Enumerating objects: 8, done.
Counting objects: 100% (8/8), done.
Delta compression using up to 22 threads
Compressing objects: 100% (6/6), done.
Writing objects: 100% (6/6), 538 bytes | 538.00 KiB/s, done.
Total 6 (delta 4), reused 0 (delta 0), pack-reused 0
remote: Resolving deltas: 100% (4/4), completed with 2 local objects.
To github.com:sairamcharan9/calculator1916154.git
   459fa39..925f355  master -> master
(venv) sairamchran@SAI-book4:~/project-web/calculator1916154$ script -f terminallog
Script started, output log file is 'terminallog'.